Switch>
Switch>
Switch>
Switch>
Switch>
Switch>
Switch>enable
Switch#delete flash:vlan.dat
Delete filename [vlan.dat]? 
Delete flash:vlan.dat? [confirm]
%Error deleting flash:vlan.dat (No such file or directory)
Switch#erase start
Erasing the nvram filesystem will remove all configuration files! Continue? [confirm]^[
Switch#erase s
Switch#erase startup-config 
Erasing the nvram filesystem will remove all configuration files! Continue? [confirm]
[OK]
Erase of nvram: complete
Switch#
12w5d: %SYS-7-NV_BLOCK_INIT: Initialized the geometry of nvram
12w5d: %LINEPROTO-5-UPDOWN: Line protocol on Interface FastEthernet0/21, changed state to down
12w5d: %LINK-3-UPDOWN: Interface FastEthernet0/21, changed state to down
Switch#
Switch#reload 
Proceed with reload? [confirm]

12w5d: %SYS-5-RELOAD: Reload requested by console. Reload Reason: Reload command.
Base ethernet MAC Address: 00:1b:d4:23:c4:00
Xmodem file system is available.
The password-recovery mechanism is enabled.
Initializing Flash...
flashfs[0]: 468 files, 6 directories
flashfs[0]: 0 orphaned files, 0 orphaned directories
flashfs[0]: Total bytes: 15998976
flashfs[0]: Bytes used: 12066304
flashfs[0]: Bytes available: 3932672
flashfs[0]: flashfs fsck took 16 seconds.
...done Initializing Flash.
Boot Sector Filesystem (bs) installed, fsid: 3
done.
Loading "flash:c3560-advipservicesk9-mz.122-40.SE/c3560-advipservicesk9-mz.122-40.SE.bin"...@@@@@@@@@@@@@@@@@@@@@@@@@@@@@@@@@@@@@@@@@@@@@@@@@@@@@@@@@@@@@@@@@@@@@@@@@@@@@@@@@@@@@@@@@@@@@@@@@@@@@@@@@@@@@@@@@@@@@@@@@@@@@@@@@@@@@@@@@@@@@@@@@@@@@@@@@@@@@@@@@@@@@@@@@@@@@@@@@@@@@@@@@@@@@@@@@@@@@@@@@@@@@@@@@@@@@@@@@@@@@@@@@@@@@@@@@@@@@@@@@@@@@@@@@@@@@@@@@@@@@@@@@@@@@@@@@@@@@@@@@@@@@@@@@@@@@@@@@@@@@@@@@@@@@@@@@@@@@@@@@@@@@@@@@@@@@@@@@@@@@@@@@@@@@@@@@@@@@@@@@@@@@@@@@@@@@@@@@@@@@@@@@@@@@@@@@@@@@@@@@@@@@@@@@@@@@@@@@@@@@@@@@@@@@@@@@@@@@@@@@@@@@@@@@@@@@@@@@@@@@@@@@@@@@@@@@@@@@@@@@@@@@@@@@@@@@@@@@@@@@@@@@@@@@@@@@@@@@@@@@@@@@@@@@@@@@@@@@@@@@@@@@@@@@@@@@@@@@@@@@@@@@@@@@@@@@@@@@@@@@@@@@@@@@@@@@@@@@@@@@@@@@@@@@@@@@@@@@@@@@@@@@@@@@@@@@@@@@@@@@@@@@@@@@@@@@@@@@@@@@@@@@@@@@@@@@@@@@@@@@@@@@@@@@@@@@@@@@@@@@@@@@@@@@@@@@@@@@@@@@@@@@@@@@@@@@@@@@@@@@@@@@@@@@@@@@@@@@@@@@@@@@@@@@@@@@@@@@@@@@@@@@@@@@@@@@@@@@@@@@@@@@@@@@@@@@@@@@@@@@@@@@@@@@@@@@@@@@@@@@@@@@@@@@@@@@@@@@@@@@@@@@@@@@@@@@@@@@@@@@@@@@@@@@@@@@@@@@@@@@@@@@@@@@@@@@@@@@@@@@@@@@@@@@@@@@@@@@@@@@@@@@@@@@@@@@@@@@@@@@@@@@@@@@@@@@@@@@@@@@@@@@@@@@@@@@@@@@@@@@@@@@@@@@@@@@@@@@@@@@@@@@@@@@@@@@@@@@@@@@@@@@@@@@@@@@@@@@@@@@@@@@@@@@@@@@@@@@@@@@@@@@@@@@@@@@@@@@@@@@@@@@@@@@@@@@@@@@@@@@@@@@@@@@@@@@@@@@@@@@@@@@@@@@@@@@@@@@@@@@@@@@@@@@@@@@@@@@@@@@@@@@@@@@@@@@@@@@@@@@@@@@@@@@@@@@@@@@@@@@@@@@@@@@@@@@@@@@@@@@@@@@@@@@@@@@@@@@@@@@@@@@@@@@@@@@@@@@@@@@@@@@@@@@@@@@@@@@@@@@@@@@@@@@@@@@@@@@@@@@@@@@@@@@@@@@@@@@@@@@@@@@@@@@@@@@@@@@@@@@@@@@@@@@@@@@@@@@@@@@@@@@@@@@@@@@@@@@@@@@@@@@@@@@@@@@@@@@@@@@@@@@@@@@@@@@@@@@@@@@@@@@@@@@@@@@@@@@@@@@@@@@@@@@@@@@@@@@@@@@@@@@@@@@@@@@@@@@@@@@@@@@@@@@@@@@@@@@@@@@@@@@@@@@@@@@@@@@@@@@@@@@@@@@@@@@@@@@@@@@@@@@@@@@@@@@@@@@@@@@@@@@@@@@@@@@@@@@@@@@@@@@@@@@@@@@@@@@@@@@@@@@@@@@@@@@@@@@@@@@@@@@@@@@@@@@@@@@@@@@@@@@@@@@@@@@@@@@@@@@@@@@@@@@@@@@@@@@@@@@@@@@@@@@@@@@@@@@@@@@@@@@@@@@@@@@@@@@@@@@@@@@@@@@@@@@@@@@@@@@@@@@@@@@@@@@@@@@@@@@@@@@@@@@@@@@@@@@@@@@@@@@@@@@@@@@@@@@@@@@@@@@@@@@@@@@@@@@@@@@@@@@@@@@@@@@@@@@@@@@@@@@@@@@@@@@@@@@@@@@@@@@@@@@@@@@@@@@@@@@@@@@@@@@@@@@@@@@@@@@@@@@@@@@@@@@@@@@@@@@@@@@@@@@@@@@@@@@@@@@@@@@@@@@@@@@@@@@@@@@@@@@@@@@@@@@@@@@@@@@@@@@@@@@@@@@@@@@@@@@@@@@@@@@@@@@@@@@@@@@@@@@@@@@@@@@@@@@@@@@@@@@@@@@@@@@@@@@@@@@@@@@@@@@@@@@@@@@@@@@@@@@@@@@@@@@@@@@@@@@@@@@@@@@@@@@@@@@@@@@@@@@@@@@@@@@@@@@@@@@@@@@@@@@@@@@@@@@@@@@@@@@@@@@@@@@@@@@@@@@@@@@@@@@@@@@@@@@@@@@@@@@@@@@@@@@@@@@@@@@@@@@@@@@@@@@@@@@@@@@@@@@@@@@@@@@@@@@@@@@@@@@@@@@@@@@@@@@@@@@@@@@@@@@@@@@@@@@@@@@@@@@@@@@@@@@@@@@@@@@@@@@@@@@@@@@@@@@@@@@@@@@@@@@@@@@@@@@@@@@@@@@@@@@@@@@@@@@@@@@@@@@@@@
File "flash:c3560-advipservicesk9-mz.122-40.SE/c3560-advipservicesk9-mz.122-40.SE.bin" uncompressed and installed, entry point: 0x3000
executing...

              Restricted Rights Legend

Use, duplication, or disclosure by the Government is
subject to restrictions as set forth in subparagraph
(c) of the Commercial Computer Software - Restricted
Rights clause at FAR sec. 52.227-19 and subparagraph
(c) (1) (ii) of the Rights in Technical Data and Computer
Software clause at DFARS sec. 252.227-7013.

           cisco Systems, Inc.
           170 West Tasman Drive
           San Jose, California 95134-1706



Cisco IOS Software, C3560 Software (C3560-ADVIPSERVICESK9-M), Version 12.2(40)SE, RELEASE SOFTWARE (fc3)
Copyright (c) 1986-2007 by Cisco Systems, Inc.
Compiled Fri 24-Aug-07 01:43 by myl
Image text-base: 0x00003000, data-base: 0x01800000

Initializing flashfs...

flashfs[1]: 468 files, 6 directories
flashfs[1]: 0 orphaned files, 0 orphaned directories
flashfs[1]: Total bytes: 15998976
flashfs[1]: Bytes used: 12066304
flashfs[1]: Bytes available: 3932672
flashfs[1]: flashfs fsck took 6 seconds.
flashfs[1]: Initialization complete....done Initializing flashfs.

POST: CPU MIC register Tests : Begin
POST: CPU MIC register Tests : End, Status Passed

POST: PortASIC Memory Tests : Begin
POST: PortASIC Memory Tests : End, Status Passed

POST: CPU MIC interface Loopback Tests : Begin
POST: CPU MIC interface Loopback Tests : End, Status Passed

POST: PortASIC RingLoopback Tests : Begin
POST: PortASIC RingLoopback Tests : End, Status Passed

POST: Inline Power Controller Tests : Begin
POST: Inline Power Controller Tests : End, Status Passed

POST: PortASIC CAM Subsystem Tests : Begin
POST: PortASIC CAM Subsystem Tests : End, Status Passed

POST: PortASIC Port Loopback Tests : Begin
POST: PortASIC Port Loopback Tests : End, Status Passed

Waiting for Port download...Complete


This product contains cryptographic features and is subject to United
States and local country laws governing import, export, transfer and
use. Delivery of Cisco cryptographic products does not imply
third-party authority to import, export, distribute or use encryption.
Importers, exporters, distributors and users are responsible for
compliance with U.S. and local country laws. By using this product you
agree to comply with applicable laws and regulations. If you are unable
to comply with U.S. and local laws, return this product immediately.

A summary of U.S. laws governing Cisco cryptographic products may be found at:
http://www.cisco.com/wwl/export/crypto/tool/stqrg.html

If you require further assistance please contact us by sending email to
export@cisco.com.

cisco WS-C3560-24PS (PowerPC405) processor (revision Q0) with 122880K/8184K bytes of memory.
Processor board ID FDO1115Y1A7
Last reset from power-on
1 Virtual Ethernet interface
24 FastEthernet interfaces
2 Gigabit Ethernet interfaces
The password-recovery mechanism is enabled.

512K bytes of flash-simulated non-volatile configuration memory.
Base ethernet MAC Address       : 00:1B:D4:23:C4:00
Motherboard assembly number     : 73-9673-09
Power supply part number        : 341-0029-05
Motherboard serial number       : FDO111505YN
Power supply serial number      : LIT111202LL
Model revision number           : Q0
Motherboard revision number     : B0
Model number                    : WS-C3560-24PS-E
System serial number            : FDO1115Y1A7
Top Assembly Part Number        : 800-26380-04
Top Assembly Revision Number    : D0
Version ID                      : V06
CLEI Code Number                : COM1100ARC
Hardware Board Revision Number  : 0x01


Switch   Ports  Model              SW Version              SW Image            
------   -----  -----              ----------              ----------          
*    1   26     WS-C3560-24PS      12.2(40)SE              C3560-ADVIPSERVICESK




Press RETURN to get started!


00:00:34: %LINEPROTO-5-UPDOWN: Line protocol on Interface Vlan1, changed state to down
00:00:35: %SPANTREE-5-EXTENDED_SYSID: Extended SysId enabled for type vlan
00:00:57: %SYS-5-RESTART: System restarted --
Cisco IOS Software, C3560 Software (C3560-ADVIPSERVICESK9-M), Version 12.2(40)SE, RELEASE SOFTWARE (fc3)
Copyright (c) 1986-2007 by Cisco Systems, Inc.
Compiled Fri 24-Aug-07 01:43 by myl
00:00:58: %LINK-3-UPDOWN: Interface FastEthernet0/21, changed state to up
00:00:58: %LINK-3-UPDOWN: Interface FastEthernet0/22, changed state to up
00:00:59: %LINEPROTO-5-UPDOWN: Line protocol on Interface FastEthernet0/21, changed state to up
00:00:59: %LINEPROTO-5-UPDOWN: Line protocol on Interface FastEthernet0/22, changed state to up
00:01:02: %LINK-3-UPDOWN: Interface FastEthernet0/12, changed state to up
00:01:03: %LINEPROTO-5-UPDOWN: Line protocol on Interface FastEthernet0/12, changed state to up


         --- System Configuration Dialog ---

Would you like to enter the initial configuration dialog? [yes/no]: 
00:01:29: %LINEPROTO-5-UPDOWN: Line protocol on Interface Vlan1, changed state to up
Switch>enable 
Switch#conf t
Enter configuration commands, one per line.  End with CNTL/Z.
Switch(config)#hostname Switch52
Switch52(config)#line con 0
Switch52(config-line)#password cisco
Switch52(config-line)#exit
Switch52(config)#exit
Switch52#
00:08:47: %SYS-5-CONFIG_I: Configured from console by console
Switch52#disable
Switch52>exit

































Switch52 con0 is now available





Press RETURN to get started.





Switch52>enable
Switch52#conf t
Enter configuration commands, one per line.  End with CNTL/Z.
Switch52(config)#line con 0
Switch52(config-line)#login
Switch52(config-line)#^Z
Switch52#
00:12:04: %SYS-5-CONFIG_I: Configured from console by consoleexit

































Switch52 con0 is now available





Press RETURN to get started.















User Access Verification

Password: 
Switch52>enable 
Switch52#conf t
Enter configuration commands, one per line.  End with CNTL/Z.
Switch52(config)#line conf 0
                         ^
% Invalid input detected at '^' marker.

Switch52(config)#line con 0 
Switch52(config-line)#logging synchronous
Switch52(config-line)#^Z
Switch52#
00:15:15: %SYS-5-CONFIG_I: Configured from console by console
Switch52#conf t
Enter configuration commands, one per line.  End with CNTL/Z.
Switch52(config)#line vty 0 4
Switch52(config-line)#password cisco
Switch52(config-line)#login
Switch52(config-line)#logging sync       
Switch52(config-line)#logging synchronous 
Switch52(config-line)#exit
Switch52(config)#enable password cisco
Switch52(config)#^Z
Switch52#
00:20:11: %SYS-5-CONFIG_I: Configured from console by console
Switch52#disable
Switch52>enable
Password: 
Switch52#conf t
Enter configuration commands, one per line.  End with CNTL/Z.
Switch52(config)#int vlan 1
Switch52(config-if)#ip address 172.16.1.12
% Incomplete command.

Switch52(config-if)#ip address 172.16.1.12?           
A.B.C.D  

Switch52(config-if)#ip address 172.16.1.12 ?
  A.B.C.D  IP subnet mask

Switch52(config-if)#ip address 172.16.1.12 255.255.0.0
Switch52(config-if)#no shutdown
Switch52(config-if)#^Z
Switch52#
00:24:03: %SYS-5-CONFIG_I: Configured from console by console
Switch52#show int vlan 1
Vlan1 is up, line protocol is up 
  Hardware is EtherSVI, address is 001b.d423.c440 (bia 001b.d423.c440)
  Internet address is 172.16.1.12/16
  MTU 1500 bytes, BW 1000000 Kbit, DLY 10 usec, 
     reliability 255/255, txload 1/255, rxload 1/255
  Encapsulation ARPA, loopback not set
  Keepalive not supported
  ARP type: ARPA, ARP Timeout 04:00:00
  Last input 00:00:08, output 00:00:56, output hang never
  Last clearing of "show interface" counters never
  Input queue: 0/75/0/0 (size/max/drops/flushes); Total output drops: 0
  Queueing strategy: fifo
  Output queue: 0/40 (size/max)
  5 minute input rate 0 bits/sec, 0 packets/sec
  5 minute output rate 0 bits/sec, 0 packets/sec
     24 packets input, 7984 bytes, 0 no buffer
     Received 0 broadcasts (0 IP multicasts)
     0 runts, 0 giants, 0 throttles
     0 input errors, 0 CRC, 0 frame, 0 overrun, 0 ignored
     1 packets output, 64 bytes, 0 underruns
     0 output errors, 0 interface resets
     0 output buffer failures, 0 output buffers swapped out
Switch52#sh arp
Protocol  Address          Age (min)  Hardware Addr   Type   Interface
Internet  172.16.1.12             -   001b.d423.c440  ARPA   Vlan1
Switch52#sh mac address-table
          Mac Address Table
-------------------------------------------

Vlan    Mac Address       Type        Ports
----    -----------       --------    -----
 All    0100.0ccc.cccc    STATIC      CPU
 All    0100.0ccc.cccd    STATIC      CPU
 All    0180.c200.0000    STATIC      CPU
 All    0180.c200.0001    STATIC      CPU
 All    0180.c200.0002    STATIC      CPU
 All    0180.c200.0003    STATIC      CPU
 All    0180.c200.0004    STATIC      CPU
 All    0180.c200.0005    STATIC      CPU
 All    0180.c200.0006    STATIC      CPU
 All    0180.c200.0007    STATIC      CPU
 All    0180.c200.0008    STATIC      CPU
 All    0180.c200.0009    STATIC      CPU
 All    0180.c200.000a    STATIC      CPU
 All    0180.c200.000b    STATIC      CPU
 All    0180.c200.000c    STATIC      CPU
 All    0180.c200.000d    STATIC      CPU
 All    0180.c200.000e    STATIC      CPU
 All    0180.c200.000f    STATIC      CPU
 All    0180.c200.0010    STATIC      CPU
 All    ffff.ffff.ffff    STATIC      CPU
   1    001b.90b4.2f18    DYNAMIC     Fa0/22
   1    0021.1c4c.3e17    DYNAMIC     Fa0/21
   1    6805.ca42.cbdd    DYNAMIC     Fa0/21
   1    6805.ca44.1249    DYNAMIC     Fa0/22
   1    6805.ca44.14d4    DYNAMIC     Fa0/12
Total Mac Addresses for this criterion: 25
Switch52#ping 172.16.101.101

Type escape sequence to abort.
Sending 5, 100-byte ICMP Echos to 172.16.101.101, timeout is 2 seconds:
!!!!!
Success rate is 100 percent (5/5), round-trip min/avg/max = 1/205/1015 ms
Switch52#ping 172.16.103.103

Type escape sequence to abort.
Sending 5, 100-byte ICMP Echos to 172.16.103.103, timeout is 2 seconds:
!!!!!
Success rate is 100 percent (5/5), round-trip min/avg/max = 1/203/1007 ms
Switch52#ping 172.16.104.104

Type escape sequence to abort.
Sending 5, 100-byte ICMP Echos to 172.16.104.104, timeout is 2 seconds:
!!!!!
Success rate is 100 percent (5/5), round-trip min/avg/max = 1/205/1015 ms
Switch52#ping 172.16.102.102

Type escape sequence to abort.
Sending 5, 100-byte ICMP Echos to 172.16.102.102, timeout is 2 seconds:
!!!!!
Success rate is 100 percent (5/5), round-trip min/avg/max = 1/2/8 ms
Switch52#

































Switch52 con0 is now available





Press RETURN to get started.



User Access Verification

Password: 
Switch52>ena
Password: 
Switch52#show ip onter
Switch52#show ip inter
Switch52#show ip interface br
Switch52#show ip interface brief 
Interface              IP-Address      OK? Method Status                Protocol
Vlan1                  172.16.1.12     YES manual up                    up      
FastEthernet0/1        unassigned      YES unset  down                  down    
FastEthernet0/2        unassigned      YES unset  down                  down    
FastEthernet0/3        unassigned      YES unset  down                  down    
FastEthernet0/4        unassigned      YES unset  down                  down    
FastEthernet0/5        unassigned      YES unset  down                  down    
FastEthernet0/6        unassigned      YES unset  down                  down    
FastEthernet0/7        unassigned      YES unset  down                  down    
FastEthernet0/8        unassigned      YES unset  down                  down    
FastEthernet0/9        unassigned      YES unset  down                  down    
FastEthernet0/10       unassigned      YES unset  down                  down    
FastEthernet0/11       unassigned      YES unset  down                  down    
FastEthernet0/12       unassigned      YES unset  up                    up      
FastEthernet0/13       unassigned      YES unset  down                  down    
FastEthernet0/14       unassigned      YES unset  down                  down    
FastEthernet0/15       unassigned      YES unset  down                  down    
FastEthernet0/16       unassigned      YES unset  down                  down    
FastEthernet0/17       unassigned      YES unset  down                  down    
FastEthernet0/18       unassigned      YES unset  down                  down    
FastEthernet0/19       unassigned      YES unset  down                  down    
FastEthernet0/20       unassigned      YES unset  down                  down    
FastEthernet0/21       unassigned      YES unset  up                    up      
FastEthernet0/22       unassigned      YES unset  up                    up      
FastEthernet0/23       unassigned      YES unset  down                  down    
FastEthernet0/24       unassigned      YES unset  down                  down    
GigabitEthernet0/1     unassigned      YES unset  down                  down    
GigabitEthernet0/2     unassigned      YES unset  down                  down    
Switch52# sh itn f0/11
              ^
% Invalid input detected at '^' marker.

Switch52# sh int f0/11
FastEthernet0/11 is down, line protocol is down (notconnect) 
  Hardware is Fast Ethernet, address is 001b.d423.c40d (bia 001b.d423.c40d)
  MTU 1500 bytes, BW 10000 Kbit, DLY 1000 usec, 
     reliability 255/255, txload 1/255, rxload 1/255
  Encapsulation ARPA, loopback not set
  Keepalive set (10 sec)
  Auto-duplex, Auto-speed, media type is 10/100BaseTX
  input flow-control is off, output flow-control is unsupported 
  ARP type: ARPA, ARP Timeout 04:00:00
  Last input never, output never, output hang never
  Last clearing of "show interface" counters never
  Input queue: 0/75/0/0 (size/max/drops/flushes); Total output drops: 0
  Queueing strategy: fifo
  Output queue: 0/40 (size/max)
  5 minute input rate 0 bits/sec, 0 packets/sec
  5 minute output rate 0 bits/sec, 0 packets/sec
     0 packets input, 0 bytes, 0 no buffer
     Received 0 broadcasts (0 multicasts)
     0 runts, 0 giants, 0 throttles
     0 input errors, 0 CRC, 0 frame, 0 overrun, 0 ignored
     0 watchdog, 0 multicast, 0 pause input
     0 input packets with dribble condition detected
     0 packets output, 0 bytes, 0 underruns
          
Switch52#delete flash:vlan.dat
Delete filename [vlan.dat]? 
Delete flash:vlan.dat? [confirm]
%Error deleting flash:vlan.dat (No such file or directory)
Switch52#reload

System configuration has been modified. Save? [yes/no]: no
Proceed with reload? [confirm]

01:30:54: %SYS-5-RELOAD: Reload requested by console. Reload Reason: Reload command.
Base ethernet MAC Address: 00:1b:d4:23:c4:00
Xmodem file system is available.
The password-recovery mechanism is enabled.
Initializing Flash...
flashfs[0]: 468 files, 6 directories
flashfs[0]: 0 orphaned files, 0 orphaned directories
flashfs[0]: Total bytes: 15998976
flashfs[0]: Bytes used: 12066304
flashfs[0]: Bytes available: 3932672
flashfs[0]: flashfs fsck took 16 seconds.
...done Initializing Flash.
Boot Sector Filesystem (bs) installed, fsid: 3
done.
Loading "flash:c3560-advipservicesk9-mz.122-40.SE/c3560-advipservicesk9-mz.122-40.SE.bin"...@@@@@@@@@@@@@@@@@@@@@@@@@@@@@@@@@@@@@@@@@@@@@@@@@@@@@@@@@@@@@@@@@@@@@@@@@@@@@@@@@@@@@@@@@@@@@@@@@@@@@@@@@@@@@@@@@@@@@@@@@@@@@@@@@@@@@@@@@@@@@@@@@@@@@@@@@@@@@@@@@@@@@@@@@@@@@@@@@@@@@@@@@@@@@@@@@@@@@@@@@@@@@@@@@@@@@@@@@@@@@@@@@@@@@@@@@@@@@@@@@@@@@@@@@@@@@@@@@@@@@@@@@@@@@@@@@@@@@@@@@@@@@@@@@@@@@@@@@@@@@@@@@@@@@@@@@@@@@@@@@@@@@@@@@@@@@@@@@@@@@@@@@@@@@@@@@@@@@@@@@@@@@@@@@@@@@@@@@@@@@@@@@@@@@@@@@@@@@@@@@@@@@@@@@@@@@@@@@@@@@@@@@@@@@@@@@@@@@@@@@@@@@@@@@@@@@@@@@@@@@@@@@@@@@@@@@@@@@@@@@@@@@@@@@@@@@@@@@@@@@@@@@@@@@@@@@@@@@@@@@@@@@@@@@@@@@@@@@@@@@@@@@@@@@@@@@@@@@@@@@@@@@@@@@@@@@@@@@@@@@@@@@@@@@@@@@@@@@@@@@@@@@@@@@@@@@@@@@@@@@@@@@@@@@@@@@@@@@@@@@@@@@@@@@@@@@@@@@@@@@@@@@@@@@@@@@@@@@@@@@@@@@@@@@@@@@@@@@@@@@@@@@@@@@@@@@@@@@@@@@@@@@@@@@@@@@@@@@@@@@@@@@@@@@@@@@@@@@@@@@@@@@@@@@@@@@@@@@@@@@@@@@@@@@@@@@@@@@@@@@@@@@@@@@@@@@@@@@@@@@@@@@@@@@@@@@@@@@@@@