
Router>delete flash:vram.dat
        ^
% Invalid input detected at '^' marker.

Router>erase flash:vram.dat 
        ^
% Invalid input detected at '^' marker.

Router>ena
Router#erase flash:vram.dat
             ^
% Invalid input detected at '^' marker.

Router#delete flash:vlan.dat
Delete filename [vlan.dat]? 
Delete flash:vlan.dat? [confirm]
%Error deleting flash:vlan.dat (File not found)
Router#relaod
Translating "relaod"...domain server (255.255.255.255)

Translating "relaod"...domain server (255.255.255.255)
 (255.255.255.255)% Unknown command or computer name, or unable to find computer address
Router#
Router#


         --- System Configuration Dialog ---

Would you like to enter the initial configuration dialog? [yes/no]: no
Switch>ena
Switch#delete flash:vlan.dat
Delete filename [vlan.dat]? 
Delete flash:vlan.dat? [confirm]
%Error deleting flash:vlan.dat (No such file or directory)
Switch#reload 
Proceed with reload? [confirm]

6d21h: %SYS-5-RELOAD: Reload requested by console. Reload Reason: Reload command.
Base ethernet MAC Address: 00:18:73:d2:55:80
Xmodem file system is available.
The password-recovery mechanism is enabled.
Initializing Flash...
flashfs[0]: 356 files, 5 directories
flashfs[0]: 0 orphaned files, 0 orphaned directories
flashfs[0]: Total bytes: 15998976
flashfs[0]: Bytes used: 11382784
flashfs[0]: Bytes available: 4616192
flashfs[0]: flashfs fsck took 17 seconds.
...done Initializing Flash.
Boot Sector Filesystem (bs) installed, fsid: 3
done.
Loading "flash:c3560-ipservices-mz.122-25.SEB4/c3560-ipservices-mz.122-25.SEB4.bin"...flash:c3560-ipservices-mz.122-25.SEB4/c3560-ipservices-mz.122-25.SEB4.bin: no such file or directory

Error loading "flash:c3560-ipservices-mz.122-25.SEB4/c3560-ipservices-mz.122-25.SEB4.bin"

Interrupt within 5 seconds to abort boot process.
Loading "flash:/c3560-advipservicesk9-mz.122-40.SE.bin"...@@@@@@@@@@@@@@@@@@@@@@@@@@@@@@@@@@@@@@@@@@@@@@@@@@@@@@@@@@@@@@@@@@@@@@@@@@@@@@@@@@@@@@@@@@@@@@@@@@@@@@@@@@@@@@@@@@@@@@@@@@@@@@@@@@@@@@@@@@@@@@@@@@@@@@@@@@@@@@@@@@@@@@@@@@@@@@@@@@@@@@@@@@@@@@@@@@@@@@@@@@@@@@@@@@@@@@@@@@@@@@@@@@@@@@@@@@@@@@@@@@@@@@@@@@@@@@@@@@@@@@@@@@@@@@@@@@@@@@@@@@@@@@@@@@@@@@@@@@@@@@@@@@@@@@@@@@@@@@@@@@@@@@@@@@@@@@@@@@@@@@@@@@@@@@@@@@@@@@@@@@@@@@@@@@@@@@@@@@@@@@@@@@@@@@@@@@@@@@@@@@@@@@@@@@@@@@@@@@@@@@@@@@@@@@@@@@@@@@@@@@@@@@@@@@@@@@@@@@@@@@@@@@@@@@@@@@@@@@@@@@@@@@@@@@@@@@@@@@@@@@@@@@@@@@@@@@@@@@@@@@@@@@@@@@@@@@@@@@@@@@@@@@@@@@@@@@@@@@@@@@@@@@@@@@@@@@@@@@@@@@@@@@@@@@@@@@@@@@@@@@@@@@@@@@@@@@@@@@@@@@@@@@@@@@@@@@@@@@@@@@@@@@@@@@@@@@@@@@@@@@@@@@@@@@@@@@@@@@@@@@@@@@@@@@@@@@@@@@@@@@@@@@@@@@@@@@@@@@@@@@@@@@@@@@@@@@@@@@@@@@@@@@@@@@@@@@@@@@@@@@@@@@@@@@@@@@@@@@@@@@@@@@@@@@@@@@@@@@@@@@@@@@@@@@@@@@@@@@@@@@@@@@@@@@@@@@@@@@@@@@@@@@@@@@@@@@@@@@@@@@@@@@@@@@@@@@@@@@@@@@@@@@@@@@@@@@@@@@@@@@@@@@@@@@@@@@@@@@@@@@@@@@@@@@@@@@@@@@@@@@@@@@@@@@@@@@@@@@@@@@@@@@@@@@@@@@@@@@@@@@@@@@@@@@@@@@@@@@@@@@@@@@@@@@@@@@@@@@@@@@@@@@@@@@@@@@@@@@@@@@@@@@@@@@@@@@@@@@@@@@@@@@@@@@@@@@@@@@@@@@@@@@@@@@@@@@@@@@@@@@@@@@@@@@@@@@@@@@@@@@@@@@@@@@@@@@@@@@@@@@@@@@@@@@@@@@@@@@@@@@@@@@@@@@@@@@@@@@@@@@@@@@@@@@@@@@@@@@@@@@@@@@@@@@@@@@@@@@@@@@@@@@@@@@@@@@@@@@@@@@@@@@@@@@@@@@@@@@@@@@@@@@@@@@@@@@@@@@@@@@@@@@@@@@@@@@@@@@@@@@@@@@@@@@@@@@@@@@@@@@@@@@@@@@@@@@@@@@@@@@@@@@@@@@@@@@@@@@@@@@@@@@@@@@@@@@@@@@@@@@@@@@@@@@@@@@@@@@@@@@@@@@@@@@@@@@@@@@@@@@@@@@@@@@@@@@@@@@@@@@@@@@@@@@@@@@@@@@@@@@@@@@@@@@@@@@@@@@@@@@@@@@@@@@@@@@@@@@@@@@@@@@@@@@@@@@@@@@@@@@@@@@@@@@@@@@@@@@@@@@@@@@@@@@@@@@@@@@@@@@@@@@@@@@@@@@@@@@@@@@@@@@@@@@@@@@@@@@@@@@@@@@@@@@@@@@@@@@@@@@@@@@@@@@@@@@@@@@@@@@@@@@@@@@@@@@@@@@@@@@@@@@@@@@@@@@@@@@@@@@@@@@@@@@@@@@@@@@@@@@@@@@@@@@@@@@@@@@@@@@@@@@@@@@@@@@@@@@@@@@@@@@@@@@@@@@@@@@@@@@@@@@@@@@@@@@@@@@@@@@@@@@@@@@@@@@@@@@@@@@@@@@@@@@@@@@@@@@@@@@@@@@@@@@@@@@@@@@@@@@@@@@@@@@@@@@@@@@@@@@@@@@@@@@@@@@@@@@@@@@@@@@@@@@@@@@@@@@@@@@@@@@@@@@@@@@@@@@@@@@@@@@@@@@@@@@@@@@@@@@@@@@@@@@@@@@@@@@@@@@@@@@@@@@@@@@@@@@@@@@@@@@@@@@@@@@@@@@@@@@@@@@@@@@@@@@@@@@@@@@@@@@@@@@@@@@@@@@@@@@@@@@@@@@@@@@@@@@@@@@@@@@@@@@@@@@@@@@@@@@@@@@@@@@@@@@@@@@@@@@@@@@@@@@@@@@@@@@@@@@@@@@@@@@@@@@@@@@@@@@@@@@@@@@@@@@@@@@@@@@@@@@@@@@@@@@@@@@@@@@@@@@@@@@@@@@@@@@@@@@@@@@@@@@@@@@@@@@@@@@@@@@@@@@@@@@@@@@@@@@@@@@@@@@@@@@@@@@@@@@@@@@@@@@@@@@@@@@@@@@@@@@@@@@@@@@@@@@@@@@@@@@@@@@@@@@@@@@@@@@@@@@@@@@@@@@@@@@@@@@@@@@@@@@@@@@@@@@@@@@@@@@@@@@@@@@@@@@@@@@@@@@@@@@@@@@@@@@@@@@@@@@@@
File "flash:/c3560-advipservicesk9-mz.122-40.SE.bin" uncompressed and installed, entry point: 0x3000
executing...

              Restricted Rights Legend

Use, duplication, or disclosure by the Government is
subject to restrictions as set forth in subparagraph
(c) of the Commercial Computer Software - Restricted
Rights clause at FAR sec. 52.227-19 and subparagraph
(c) (1) (ii) of the Rights in Technical Data and Computer
Software clause at DFARS sec. 252.227-7013.

           cisco Systems, Inc.
           170 West Tasman Drive
           San Jose, California 95134-1706



Cisco IOS Software, C3560 Software (C3560-ADVIPSERVICESK9-M), Version 12.2(40)SE, RELEASE SOFTWARE (fc3)
Copyright (c) 1986-2007 by Cisco Systems, Inc.
Compiled Fri 24-Aug-07 01:43 by myl
Image text-base: 0x00003000, data-base: 0x01800000

Initializing flashfs...

flashfs[1]: 356 files, 5 directories
flashfs[1]: 0 orphaned files, 0 orphaned directories
flashfs[1]: Total bytes: 15998976
flashfs[1]: Bytes used: 11382784
flashfs[1]: Bytes available: 4616192
flashfs[1]: flashfs fsck took 7 seconds.
flashfs[1]: Initialization complete....done Initializing flashfs.

POST: CPU MIC register Tests : Begin
POST: CPU MIC register Tests : End, Status Passed

POST: PortASIC Memory Tests : Begin
POST: PortASIC Memory Tests : End, Status Passed

POST: CPU MIC interface Loopback Tests : Begin
POST: CPU MIC interface Loopback Tests : End, Status Passed

POST: PortASIC RingLoopback Tests : Begin
POST: PortASIC RingLoopback Tests : End, Status Passed

POST: Inline Power Controller Tests : Begin
POST: Inline Power Controller Tests : End, Status Passed

POST: PortASIC CAM Subsystem Tests : Begin
POST: PortASIC CAM Subsystem Tests : End, Status Passed

POST: PortASIC Port Loopback Tests : Begin
POST: PortASIC Port Loopback Tests : End, Status Passed

Waiting for Port download...Complete


This product contains cryptographic features and is subject to United
States and local country laws governing import, export, transfer and
use. Delivery of Cisco cryptographic products does not imply
third-party authority to import, export, distribute or use encryption.
Importers, exporters, distributors and users are responsible for
compliance with U.S. and local country laws. By using this product you
agree to comply with applicable laws and regulations. If you are unable
to comply with U.S. and local laws, return this product immediately.

A summary of U.S. laws governing Cisco cryptographic products may be found at:
http://www.cisco.com/wwl/export/crypto/tool/stqrg.html

If you require further assistance please contact us by sending email to
export@cisco.com.

cisco WS-C3560-24PS (PowerPC405) processor (revision P0) with 122880K/8184K bytes of memory.
Processor board ID CAT1025ZJ76
Last reset from power-on
1 Virtual Ethernet interface
24 FastEthernet interfaces
2 Gigabit Ethernet interfaces
The password-recovery mechanism is enabled.

512K bytes of flash-simulated non-volatile configuration memory.
Base ethernet MAC Address       : 00:18:73:D2:55:80
Motherboard assembly number     : 73-9673-09
Power supply part number        : 341-0029-05
Motherboard serial number       : CAT1025051E
Power supply serial number      : DTH1020DG4A
Model revision number           : P0
Motherboard revision number     : A0
Model number                    : WS-C3560-24PS-E
System serial number            : CAT1025ZJ76
Top Assembly Part Number        : 800-26380-04
Top Assembly Revision Number    : B0
Version ID                      : V06
CLEI Code Number                : COM1100ARC
Hardware Board Revision Number  : 0x01


Switch   Ports  Model              SW Version              SW Image            
------   -----  -----              ----------              ----------          
*    1   26     WS-C3560-24PS      12.2(40)SE              C3560-ADVIPSERVICESK




Press RETURN to get started!


00:00:35: %LINEPROTO-5-UPDOWN: Line protocol on Interface Vlan1, changed state to down
00:00:36: %SPANTREE-5-EXTENDED_SYSID: Extended SysId enabled for type vlan
00:00:58: %SYS-5-RESTART: System restarted --
Cisco IOS Software, C3560 Software (C3560-ADVIPSERVICESK9-M), Version 12.2(40)SE, RELEASE SOFTWARE (fc3)
Copyright (c) 1986-2007 by Cisco Systems, Inc.
Compiled Fri 24-Aug-07 01:43 by myl
00:01:03: %LINK-3-UPDOWN: Interface FastEthernet0/1, changed state to up
00:01:04: %LINEPROTO-5-UPDOWN: Line protocol on Interface FastEthernet0/1, changed state to up
00:01:32: %LINEPROTO-5-UPDOWN: Line protocol on Interface Vlan1, changed state to up
00:02:30: %ILPOWER-7-DETECT: Interface Fa0/24: Power Device detected: IEEE PD


         --- System Configuration Dialog ---

Would you like to enter the initial configuration dialog? [yes/no]: no
Switch>
Router#
Router#                                                                      

































Router con0 is now available





Press RETURN to get started.









Router>ena
Router#hostname Router31
        ^
% Invalid input detected at '^' marker.

Router#conf t
Enter configuration commands, one per line.  End with CNTL/Z.
Router(config)#hostname Router31
Router31(config)#line con 0
Router31(config-line)#logging sycn
Translating "sycn"...domain server (255.255.255.255)
                                ^
% Invalid input detected at '^' marker.

Router31(config-line)#logging sync
Router31(config-line)#line vty 0 4
Router31(config-line)#logging sync
Router31(config-line)#int f0/0
Router31(config-if)#ip address 192.168.4.1 255.255.255.224
Router31(config-if)#no shutdown
Router31(config-if)#
*Mar 28 16:07:12.507: %LINK-3-UPDOWN: Interface FastEthernet0/0, changed state to up
*Mar 28 16:07:13.507: %LINEPROTO-5-UPDOWN: Line protocol on Interface FastEthernet0/0, changed state to up
Router31(config-if)#int f0/1
Router31(config-if)#ip address 192.168.4.73 255.255.255.252
Router31(config-if)#no shutdown
Router31(config-if)#
*Mar 28 16:08:19.283: %LINK-3-UPDOWN: Interface FastEthernet0/1, changed state to up
*Mar 28 16:08:20.283: %LINEPROTO-5-UPDOWN: Line protocol on Interface FastEthernet0/1, changed state to up
Router31(config-if)#int lo0
Router31(config-if)#19
*Mar 28 16:08:24.375: %LINEPROTO-5-UPDOWN: Line protocol on Interface Loopback0, changed state to up
Router31(config-if)#192.168.255.1 255.255.255.255
                    ^
% Invalid input detected at '^' marker.

Router31(config-if)#ip address 192.168.255.1 255.255.255.255
Router31(config-if)#no shutdown
Router31(config-if)#telelnet 192.168.4.51
                     ^
% Invalid input detected at '^' marker.

Router31(config-if)#telnet 192.168.4.51     
                     ^
% Invalid input detected at '^' marker.

Router31(config-if)#router ospf 1
Router31(config-router)#router-id 192.168.255.1
Router31(config-router)#network 192.168.4.1 0.0.0.15 area 0
Router31(config-router)#network 192.168.4.72 0.0.0.3 area 0
Router31(config-router)#
*Mar 28 16:15:53.675: %OSPF-5-ADJCHG: Process 1, Nbr 192.168.255.2 on FastEthernet0/1 from LOADING to FULL, Loading Done
Router31(config-router)#exit
Router31(config)#router ospf 1
Router31(config-router)#no network 192.168.4.1 0.0.0.15 area 0
Router31(config-router)#network 192.168.4.1 0.0.0.31 area 0   
Router31(config-router)#^Z
Router31#telnet 
*Mar 28 16:24:40.731: %SYS-5-CONFIG_I: Configured from console by console
Router31#telnet 192.168.4.49
Trying 192.168.4.49 ... Open


Password required, but none set

[Connection to 192.168.4.49 closed by foreign host]
Router31#telnet 192.168.4.49
Trying 192.168.4.49 ... Open


User Access Verification

Password: 
Password: 
Router33>ena
Password: 
Password: 
Password: 
Router33#
[Connection to 192.168.4.49 closed by foreign host]
Router31#

































Router31 con0 is now available





Press RETURN to get started.















Router31>
Router31>

































Router31 con0 is now available





Press RETURN to get started.










Router31>ena
Router31#sh ip route
Codes: C - connected, S - static, R - RIP, M - mobile, B - BGP
       D - EIGRP, EX - EIGRP external, O - OSPF, IA - OSPF inter area 
       N1 - OSPF NSSA external type 1, N2 - OSPF NSSA external type 2
       E1 - OSPF external type 1, E2 - OSPF external type 2
       i - IS-IS, su - IS-IS summary, L1 - IS-IS level-1, L2 - IS-IS level-2
       ia - IS-IS inter area, * - candidate default, U - per-user static route
       o - ODR, P - periodic downloaded static route

Gateway of last resort is not set

     192.168.4.0/24 is variably subnetted, 7 subnets, 4 masks
O       192.168.4.76/30 [110/65] via 192.168.4.74, 00:25:43, FastEthernet0/1
C       192.168.4.72/30 is directly connected, FastEthernet0/1
O       192.168.4.64/29 [110/67] via 192.168.4.74, 00:25:43, FastEthernet0/1
O       192.168.4.80/30 [110/66] via 192.168.4.74, 00:25:43, FastEthernet0/1
O       192.168.4.32/28 [110/2] via 192.168.4.74, 00:25:43, FastEthernet0/1
O       192.168.4.48/28 [110/66] via 192.168.4.74, 00:25:43, FastEthernet0/1
C       192.168.4.0/27 is directly connected, FastEthernet0/0
     192.168.255.0/32 is subnetted, 1 subnets
C       192.168.255.1 is directly connected, Loopback0
Router31#
Router31#sh ip ospf ?
  <1-65535>            Process ID number
  border-routers       Border and Boundary Router Information
  database             Database summary
  flood-list           Link state flood list
  interface            Interface information
  max-metric           Max-metric origination information
  mpls                 MPLS related information
  neighbor             Neighbor list
  request-list         Link state request list
  retransmission-list  Link state retransmission list
  rib                  Routing Information Base (RIB)
  sham-links           Sham link information
  statistics           Various OSPF Statistics
  summary-address      Summary-address redistribution Information
  timers               OSPF timers information
  traffic              Traffic related statistics
  virtual-links        Virtual link information
  |                    Output modifiers
  <cr>

Router31#sh ip ospf interface
FastEthernet0/0 is up, line protocol is up 
  Internet Address 192.168.4.1/27, Area 0 
  Process ID 1, Router ID 192.168.255.1, Network Type BROADCAST, Cost: 1
  Transmit Delay is 1 sec, State DR, Priority 1
  Designated Router (ID) 192.168.255.1, Interface address 192.168.4.1
  No backup designated router on this network
  Timer intervals configured, Hello 10, Dead 40, Wait 40, Retransmit 5
    oob-resync timeout 40
    Hello due in 00:00:01
  Supports Link-local Signaling (LLS)
  Cisco NSF helper support enabled
  IETF NSF helper support enabled
  Index 1/1, flood queue length 0
  Next 0x0(0)/0x0(0)
  Last flood scan length is 0, maximum is 0
  Last flood scan time is 0 msec, maximum is 0 msec
  Neighbor Count is 0, Adjacent neighbor count is 0 
  Suppress hello for 0 neighbor(s)
FastEthernet0/1 is up, line protocol is up 
  Internet Address 192.168.4.73/30, Area 0 
  Process ID 1, Router ID 192.168.255.1, Network Type BROADCAST, Cost: 1
  Transmit Delay is 1 sec, State BDR, Priority 1
  Designated Router (ID) 192.168.255.2, Interface address 192.168.4.74
  Backup Designated router (ID) 192.168.255.1, Interface address 192.168.4.73
  Timer intervals configured, Hello 10, Dead 40, Wait 40, Retransmit 5
    oob-resync timeout 40
    Hello due in 00:00:08
  Supports Link-local Signaling (LLS)
  Cisco NSF helper support enabled
  IETF NSF helper support enabled
  Index 2/2, flood queue length 0
  Next 0x0(0)/0x0(0)
  Last flood scan length is 1, maximum is 1
  Last flood scan time is 0 msec, maximum is 0 msec
  Neighbor Count is 1, Adjacent neighbor count is 1 
    Adjacent with neighbor 192.168.255.2  (Designated Router)
  Suppress hello for 0 neighbor(s)
Router31#erase start
% Incomplete command.

Router31#erase start ?
% Unrecognized command
Router31#erase start 
Router31#erase startup-config 
Erasing the nvram filesystem will remove all configuration files! Continue? [confirm]
[OK]
Erase of nvram: complete
Router31#
*Mar 28 16:55:11.223: %SYS-7-NV_BLOCK_INIT: Initialized the geometry of nvram
Router31#reload

System configuration has been modified. Save? [yes/no]: no
Proceed with reload? [confirm]

*Mar 28 16:55:16.999: %SYS-5-RELOAD: Reload requested  by console. Reload Reason: Reload Command.
*Mar 28 16:55:16.999: %LINEPROTO-5-UPDOWN: Line protocol on Interface FastEthernet0/1, changed state to down
*Mar 28 16:55:17.003: %OSPF-5-ADJCHG: Process 1, Nbr 192.168.255.2 on FastEthernet0/1 from FULL to DOWN, Neighbor Down: Interface down or detached
*Mar 28 16:55:18.959: %LINEPROTO-5-UPDOWN: Line protocol on Interface FastEthernet0/1, changed state to up

System Bootstrap, Version 12.4(13r)T, RELEASE SOFTWARE (fc1)
Technical Support: http://www.cisco.com/techsupport
Copyright (c) 2006 by cisco Systems, Inc.

Initializing memory for ECC
.
c2811 platform with 262144 Kbytes of main memory
Main memory is configured to 64 bit mode with ECC enabled


Upgrade ROMMON initialized
program load complete, entry point: 0x8000f000, size: 0xcb80
program load complete, entry point: 0x8000f000, size: 0xcb80

program load complete, entry point: 0x8000f000, size: 0x2f43ca4
Self decompressing the image : ################################################################################################################################################################################################################################################################################## [OK]

Smart Init is enabled
smart init is sizing iomem
  ID            MEMORY_REQ                 TYPE
0003E7          0X003DA000 C2811 Mainboard
                0X00264050 Onboard VPN
                0X000021B8 Onboard USB
                0X002C29F0 public buffer pools
                0X00211000 public particle pools
TOTAL:          0X00B13BF8

If any of the above Memory Requirements are 
"UNKNOWN", you may be using an unsupported
configuration or there is a software problem and
system operation may be compromised.
Rounded IOMEM up to: 12Mb.
Using 4 percent iomem. [12Mb/256Mb]

              Restricted Rights Legend

Use, duplication, or disclosure by the Government is
subject to restrictions as set forth in subparagraph
(c) of the Commercial Computer Software - Restricted
Rights clause at FAR sec. 52.227-19 and subparagraph
(c) (1) (ii) of the Rights in Technical Data and Computer
Software clause at DFARS sec. 252.227-7013.

           cisco Systems, Inc.
           170 West Tasman Drive
           San Jose, California 95134-1706



Cisco IOS Software, 2800 Software (C2800NM-ADVIPSERVICESK9-M), Version 12.4(11)XW2, RELEASE SOFTWARE (fc1)
Technical Support: http://www.cisco.com/techsupport
Copyright (c) 1986-2007 by Cisco Systems, Inc.
Compiled Mon 02-Jul-07 18:13 by prod_rel_team
Image text-base: 0x400A8E28, data-base: 0x437A0000


This product contains cryptographic features and is subject to United
States and local country laws governing import, export, transfer and
use. Delivery of Cisco cryptographic products does not imply
third-party authority to import, export, distribute or use encryption.
Importers, exporters, distributors and users are responsible for
compliance with U.S. and local country laws. By using this product you
agree to comply with applicable laws and regulations. If you are unable
to comply with U.S. and local laws, return this product immediately.

A summary of U.S. laws governing Cisco cryptographic products may be found at:
http://www.cisco.com/wwl/export/crypto/tool/stqrg.html

If you require further assistance please contact us by sending email to
export@cisco.com.

Installed image archive
Cisco 2811 (revision 49.46) with 249856K/12288K bytes of memory.
Processor board ID FTX1128F0LK
2 FastEthernet interfaces
4 Serial(sync/async) interfaces
1 Virtual Private Network (VPN) Module
DRAM configuration is 64 bits wide with parity enabled.
239K bytes of non-volatile configuration memory.
62720K bytes of ATA CompactFlash (Read/Write)


         --- System Configuration Dialog ---

